0 verbose cli D:\nodejs\node.exe D:\nodejs\node_modules\npm\bin\npm-cli.js
1 info using npm@11.6.2
2 info using node@v24.11.1
3 silly config load:file:D:\nodejs\node_modules\npm\npmrc
4 silly config load:file:D:\backend\.npmrc
5 silly config load:file:C:\Users\white\.npmrc
6 silly config load:file:C:\Users\white\AppData\Roaming\npm\etc\npmrc
7 verbose title npm audit fix
8 verbose argv "audit" "fix"
9 verbose logfile logs-max:10 dir:D:\backend\npm-cache\_logs\2026-05-22T09_16_07_010Z-
10 verbose logfile D:\backend\npm-cache\_logs\2026-05-22T09_16_07_010Z-debug-0.log
11 silly logfile start cleaning logs, removing 1 files
12 silly packumentCache heap:2348810240 maxSize:587202560 maxEntrySize:293601280
13 silly logfile done cleaning log files
14 silly audit bulk request {
14 silly audit   '@mongodb-js/saslprep': [ '1.4.11' ],
14 silly audit   '@types/webidl-conversions': [ '7.0.3' ],
14 silly audit   '@types/whatwg-url': [ '13.0.0' ],
14 silly audit   accepts: [ '2.0.0' ],
14 silly audit   anymatch: [ '3.1.3' ],
14 silly audit   'balanced-match': [ '4.0.4' ],
14 silly audit   bcryptjs: [ '3.0.3' ],
14 silly audit   'binary-extensions': [ '2.3.0' ],
14 silly audit   'body-parser': [ '2.2.2' ],
14 silly audit   'brace-expansion': [ '5.0.5' ],
14 silly audit   braces: [ '3.0.3' ],
14 silly audit   bson: [ '7.2.0' ],
14 silly audit   'buffer-equal-constant-time': [ '1.0.1' ],
14 silly audit   bytes: [ '3.1.2' ],
14 silly audit   'call-bind-apply-helpers': [ '1.0.2' ],
14 silly audit   'call-bound': [ '1.0.4' ],
14 silly audit   chokidar: [ '3.6.0' ],
14 silly audit   'content-disposition': [ '1.1.0' ],
14 silly audit   'content-type': [ '1.0.5' ],
14 silly audit   cookie: [ '0.7.2' ],
14 silly audit   'cookie-signature': [ '1.2.2' ],
14 silly audit   cors: [ '2.8.6' ],
14 silly audit   debug: [ '4.4.3' ],
14 silly audit   depd: [ '2.0.0' ],
14 silly audit   dotenv: [ '17.4.2' ],
14 silly audit   'dunder-proto': [ '1.0.1' ],
14 silly audit   'ecdsa-sig-formatter': [ '1.0.11' ],
14 silly audit   'ee-first': [ '1.1.1' ],
14 silly audit   encodeurl: [ '2.0.0' ],
14 silly audit   'es-define-property': [ '1.0.1' ],
14 silly audit   'es-errors': [ '1.3.0' ],
14 silly audit   'es-object-atoms': [ '1.1.1' ],
14 silly audit   'escape-html': [ '1.0.3' ],
14 silly audit   etag: [ '1.8.1' ],
14 silly audit   express: [ '5.2.1' ],
14 silly audit   'fill-range': [ '7.1.1' ],
14 silly audit   finalhandler: [ '2.1.1' ],
14 silly audit   forwarded: [ '0.2.0' ],
14 silly audit   fresh: [ '2.0.0' ],
14 silly audit   fsevents: [ '2.3.3' ],
14 silly audit   'function-bind': [ '1.1.2' ],
14 silly audit   'get-intrinsic': [ '1.3.0' ],
14 silly audit   'get-proto': [ '1.0.1' ],
14 silly audit   'glob-parent': [ '5.1.2' ],
14 silly audit   gopd: [ '1.2.0' ],
14 silly audit   'has-flag': [ '3.0.0' ],
14 silly audit   'has-symbols': [ '1.1.0' ],
14 silly audit   hasown: [ '2.0.3' ],
14 silly audit   'http-errors': [ '2.0.1' ],
14 silly audit   'iconv-lite': [ '0.7.2' ],
14 silly audit   'ignore-by-default': [ '1.0.1' ],
14 silly audit   inherits: [ '2.0.4' ],
14 silly audit   'ipaddr.js': [ '1.9.1' ],
14 silly audit   'is-binary-path': [ '2.1.0' ],
14 silly audit   'is-extglob': [ '2.1.1' ],
14 silly audit   'is-glob': [ '4.0.3' ],
14 silly audit   'is-number': [ '7.0.0' ],
14 silly audit   'is-promise': [ '4.0.0' ],
14 silly audit   jsonwebtoken: [ '9.0.3' ],
14 silly audit   jwa: [ '2.0.1' ],
14 silly audit   jws: [ '4.0.1' ],
14 silly audit   kareem: [ '3.3.0' ],
14 silly audit   'lodash.includes': [ '4.3.0' ],
14 silly audit   'lodash.isboolean': [ '3.0.3' ],
14 silly audit   'lodash.isinteger': [ '4.0.4' ],
14 silly audit   'lodash.isnumber': [ '3.0.3' ],
14 silly audit   'lodash.isplainobject': [ '4.0.6' ],
14 silly audit   'lodash.isstring': [ '4.0.1' ],
14 silly audit   'lodash.once': [ '4.1.1' ],
14 silly audit   'math-intrinsics': [ '1.1.0' ],
14 silly audit   'media-typer': [ '1.1.0' ],
14 silly audit   'memory-pager': [ '1.5.0' ],
14 silly audit   'merge-descriptors': [ '2.0.0' ],
14 silly audit   'mime-db': [ '1.54.0' ],
14 silly audit   'mime-types': [ '3.0.2' ],
14 silly audit   minimatch: [ '10.2.5' ],
14 silly audit   mongodb: [ '7.2.0' ],
14 silly audit   'mongodb-connection-string-url': [ '7.0.1' ],
14 silly audit   mongoose: [ '9.6.1' ],
14 silly audit   mpath: [ '0.9.0' ],
14 silly audit   mquery: [ '6.0.0' ],
14 silly audit   ms: [ '2.1.3' ],
14 silly audit   negotiator: [ '1.0.0' ],
14 silly audit   nodemon: [ '3.1.14' ],
14 silly audit   'normalize-path': [ '3.0.0' ],
14 silly audit   'object-assign': [ '4.1.1' ],
14 silly audit   'object-inspect': [ '1.13.4' ],
14 silly audit   'on-finished': [ '2.4.1' ],
14 silly audit   once: [ '1.4.0' ],
14 silly audit   parseurl: [ '1.3.3' ],
14 silly audit   'path-to-regexp': [ '8.4.2' ],
14 silly audit   picomatch: [ '2.3.2' ],
14 silly audit   'proxy-addr': [ '2.0.7' ],
14 silly audit   'pstree.remy': [ '1.1.8' ],
14 silly audit   punycode: [ '2.3.1' ],
14 silly audit   qs: [ '6.15.1' ],
14 silly audit   'range-parser': [ '1.2.1' ],
14 silly audit   'raw-body': [ '3.0.2' ],
14 silly audit   readdirp: [ '3.6.0' ],
14 silly audit   router: [ '2.2.0' ],
14 silly audit   'safe-buffer': [ '5.2.1' ],
14 silly audit   'safer-buffer': [ '2.1.2' ],
14 silly audit   semver: [ '7.7.4' ],
14 silly audit   send: [ '1.2.1' ],
14 silly audit   'serve-static': [ '2.2.1' ],
14 silly audit   setprototypeof: [ '1.2.0' ],
14 silly audit   'side-channel': [ '1.1.0' ],
14 silly audit   'side-channel-list': [ '1.0.1' ],
14 silly audit   'side-channel-map': [ '1.0.1' ],
14 silly audit   'side-channel-weakmap': [ '1.0.2' ],
14 silly audit   sift: [ '17.1.3' ],
14 silly audit   'simple-update-notifier': [ '2.0.0' ],
14 silly audit   'sparse-bitfield': [ '3.0.3' ],
14 silly audit   statuses: [ '2.0.2' ],
14 silly audit   'supports-color': [ '5.5.0' ],
14 silly audit   'to-regex-range': [ '5.0.1' ],
14 silly audit   toidentifier: [ '1.0.1' ],
14 silly audit   touch: [ '3.1.1' ],
14 silly audit   tr46: [ '5.1.1' ],
14 silly audit   'type-is': [ '2.0.1' ],
14 silly audit   undefsafe: [ '2.0.5' ],
14 silly audit   unpipe: [ '1.0.0' ],
14 silly audit   vary: [ '1.1.2' ],
14 silly audit   'webidl-conversions': [ '7.0.0' ],
14 silly audit   'whatwg-url': [ '14.2.0' ],
14 silly audit   wrappy: [ '1.0.2' ]
14 silly audit }
15 http fetch POST 200 https://registry.npmjs.org/-/npm/v1/security/advisories/bulk 640ms
16 silly audit report {
16 silly audit report   'brace-expansion': [
16 silly audit report     {
16 silly audit report       id: 1119088,
16 silly audit report       url: 'https://github.com/advisories/GHSA-jxxr-4gwj-5jf2',
16 silly audit report       title: 'brace-expansion: Large numeric range defeats documented `max` DoS protection',
16 silly audit report       severity: 'moderate',
16 silly audit report       vulnerable_versions: '>=5.0.0 <5.0.6',
16 silly audit report       cwe: [Array],
16 silly audit report       cvss: [Object]
16 silly audit report     }
16 silly audit report   ]
16 silly audit report }
17 silly packumentCache corgi:https://registry.npmjs.org/brace-expansion cache-miss
18 http cache https://registry.npmjs.org/brace-expansion 27ms (cache hit)
19 silly packumentCache corgi:https://registry.npmjs.org/brace-expansion set size:23348 disposed:false
20 silly packumentCache corgi:https://registry.npmjs.org/minimatch cache-miss
21 http cache https://registry.npmjs.org/minimatch 9ms (cache hit)
22 silly packumentCache corgi:https://registry.npmjs.org/minimatch set size:168441 disposed:false
23 silly idealTree buildDeps
24 silly fetch manifest brace-expansion@^5.0.5
25 silly packumentCache full:https://registry.npmjs.org/brace-expansion cache-miss
26 http fetch GET 200 https://registry.npmjs.org/brace-expansion 91ms (cache updated)
27 silly packumentCache full:https://registry.npmjs.org/brace-expansion set size:undefined disposed:false
28 silly placeDep ROOT brace-expansion@5.0.6 REPLACE for: minimatch@10.2.5 want: ^5.0.5
29 silly reify mark retired [ 'D:\\backend\\node_modules\\brace-expansion' ]
30 silly reify moves {
30 silly reify   'D:\\backend\\node_modules\\brace-expansion': 'D:\\backend\\node_modules\\.brace-expansion-kd8yGkPc'
30 silly reify }
31 silly audit bulk request {
31 silly audit   '@mongodb-js/saslprep': [ '1.4.11' ],
31 silly audit   '@types/webidl-conversions': [ '7.0.3' ],
31 silly audit   '@types/whatwg-url': [ '13.0.0' ],
31 silly audit   accepts: [ '2.0.0' ],
31 silly audit   anymatch: [ '3.1.3' ],
31 silly audit   'balanced-match': [ '4.0.4' ],
31 silly audit   bcryptjs: [ '3.0.3' ],
31 silly audit   'binary-extensions': [ '2.3.0' ],
31 silly audit   'body-parser': [ '2.2.2' ],
31 silly audit   braces: [ '3.0.3' ],
31 silly audit   bson: [ '7.2.0' ],
31 silly audit   'buffer-equal-constant-time': [ '1.0.1' ],
31 silly audit   bytes: [ '3.1.2' ],
31 silly audit   'call-bind-apply-helpers': [ '1.0.2' ],
31 silly audit   'call-bound': [ '1.0.4' ],
31 silly audit   chokidar: [ '3.6.0' ],
31 silly audit   'content-disposition': [ '1.1.0' ],
31 silly audit   'content-type': [ '1.0.5' ],
31 silly audit   cookie: [ '0.7.2' ],
31 silly audit   'cookie-signature': [ '1.2.2' ],
31 silly audit   cors: [ '2.8.6' ],
31 silly audit   debug: [ '4.4.3' ],
31 silly audit   depd: [ '2.0.0' ],
31 silly audit   dotenv: [ '17.4.2' ],
31 silly audit   'dunder-proto': [ '1.0.1' ],
31 silly audit   'ecdsa-sig-formatter': [ '1.0.11' ],
31 silly audit   'ee-first': [ '1.1.1' ],
31 silly audit   encodeurl: [ '2.0.0' ],
31 silly audit   'es-define-property': [ '1.0.1' ],
31 silly audit   'es-errors': [ '1.3.0' ],
31 silly audit   'es-object-atoms': [ '1.1.1' ],
31 silly audit   'escape-html': [ '1.0.3' ],
31 silly audit   etag: [ '1.8.1' ],
31 silly audit   express: [ '5.2.1' ],
31 silly audit   'fill-range': [ '7.1.1' ],
31 silly audit   finalhandler: [ '2.1.1' ],
31 silly audit   forwarded: [ '0.2.0' ],
31 silly audit   fresh: [ '2.0.0' ],
31 silly audit   fsevents: [ '2.3.3' ],
31 silly audit   'function-bind': [ '1.1.2' ],
31 silly audit   'get-intrinsic': [ '1.3.0' ],
31 silly audit   'get-proto': [ '1.0.1' ],
31 silly audit   'glob-parent': [ '5.1.2' ],
31 silly audit   gopd: [ '1.2.0' ],
31 silly audit   'has-flag': [ '3.0.0' ],
31 silly audit   'has-symbols': [ '1.1.0' ],
31 silly audit   hasown: [ '2.0.3' ],
31 silly audit   'http-errors': [ '2.0.1' ],
31 silly audit   'iconv-lite': [ '0.7.2' ],
31 silly audit   'ignore-by-default': [ '1.0.1' ],
31 silly audit   inherits: [ '2.0.4' ],
31 silly audit   'ipaddr.js': [ '1.9.1' ],
31 silly audit   'is-binary-path': [ '2.1.0' ],
31 silly audit   'is-extglob': [ '2.1.1' ],
31 silly audit   'is-glob': [ '4.0.3' ],
31 silly audit   'is-number': [ '7.0.0' ],
31 silly audit   'is-promise': [ '4.0.0' ],
31 silly audit   jsonwebtoken: [ '9.0.3' ],
31 silly audit   jwa: [ '2.0.1' ],
31 silly audit   jws: [ '4.0.1' ],
31 silly audit   kareem: [ '3.3.0' ],
31 silly audit   'lodash.includes': [ '4.3.0' ],
31 silly audit   'lodash.isboolean': [ '3.0.3' ],
31 silly audit   'lodash.isinteger': [ '4.0.4' ],
31 silly audit   'lodash.isnumber': [ '3.0.3' ],
31 silly audit   'lodash.isplainobject': [ '4.0.6' ],
31 silly audit   'lodash.isstring': [ '4.0.1' ],
31 silly audit   'lodash.once': [ '4.1.1' ],
31 silly audit   'math-intrinsics': [ '1.1.0' ],
31 silly audit   'media-typer': [ '1.1.0' ],
31 silly audit   'memory-pager': [ '1.5.0' ],
31 silly audit   'merge-descriptors': [ '2.0.0' ],
31 silly audit   'mime-db': [ '1.54.0' ],
31 silly audit   'mime-types': [ '3.0.2' ],
31 silly audit   minimatch: [ '10.2.5' ],
31 silly audit   mongodb: [ '7.2.0' ],
31 silly audit   'mongodb-connection-string-url': [ '7.0.1' ],
31 silly audit   mongoose: [ '9.6.1' ],
31 silly audit   mpath: [ '0.9.0' ],
31 silly audit   mquery: [ '6.0.0' ],
31 silly audit   ms: [ '2.1.3' ],
31 silly audit   negotiator: [ '1.0.0' ],
31 silly audit   nodemon: [ '3.1.14' ],
31 silly audit   'normalize-path': [ '3.0.0' ],
31 silly audit   'object-assign': [ '4.1.1' ],
31 silly audit   'object-inspect': [ '1.13.4' ],
31 silly audit   'on-finished': [ '2.4.1' ],
31 silly audit   once: [ '1.4.0' ],
31 silly audit   parseurl: [ '1.3.3' ],
31 silly audit   'path-to-regexp': [ '8.4.2' ],
31 silly audit   picomatch: [ '2.3.2' ],
31 silly audit   'proxy-addr': [ '2.0.7' ],
31 silly audit   'pstree.remy': [ '1.1.8' ],
31 silly audit   punycode: [ '2.3.1' ],
31 silly audit   qs: [ '6.15.1' ],
31 silly audit   'range-parser': [ '1.2.1' ],
31 silly audit   'raw-body': [ '3.0.2' ],
31 silly audit   readdirp: [ '3.6.0' ],
31 silly audit   router: [ '2.2.0' ],
31 silly audit   'safe-buffer': [ '5.2.1' ],
31 silly audit   'safer-buffer': [ '2.1.2' ],
31 silly audit   semver: [ '7.7.4' ],
31 silly audit   send: [ '1.2.1' ],
31 silly audit   'serve-static': [ '2.2.1' ],
31 silly audit   setprototypeof: [ '1.2.0' ],
31 silly audit   'side-channel': [ '1.1.0' ],
31 silly audit   'side-channel-list': [ '1.0.1' ],
31 silly audit   'side-channel-map': [ '1.0.1' ],
31 silly audit   'side-channel-weakmap': [ '1.0.2' ],
31 silly audit   sift: [ '17.1.3' ],
31 silly audit   'simple-update-notifier': [ '2.0.0' ],
31 silly audit   'sparse-bitfield': [ '3.0.3' ],
31 silly audit   statuses: [ '2.0.2' ],
31 silly audit   'supports-color': [ '5.5.0' ],
31 silly audit   'to-regex-range': [ '5.0.1' ],
31 silly audit   toidentifier: [ '1.0.1' ],
31 silly audit   touch: [ '3.1.1' ],
31 silly audit   tr46: [ '5.1.1' ],
31 silly audit   'type-is': [ '2.0.1' ],
31 silly audit   undefsafe: [ '2.0.5' ],
31 silly audit   unpipe: [ '1.0.0' ],
31 silly audit   vary: [ '1.1.2' ],
31 silly audit   'webidl-conversions': [ '7.0.0' ],
31 silly audit   'whatwg-url': [ '14.2.0' ],
31 silly audit   wrappy: [ '1.0.2' ],
31 silly audit   'brace-expansion': [ '5.0.6' ]
31 silly audit }
32 http cache brace-expansion@https://registry.npmjs.org/brace-expansion/-/brace-expansion-5.0.6.tgz 0ms (cache hit)
33 silly tarball no local data for brace-expansion@https://registry.npmjs.org/brace-expansion/-/brace-expansion-5.0.6.tgz. Extracting by manifest.
34 http fetch POST 200 https://registry.npmjs.org/-/npm/v1/security/advisories/bulk 271ms
35 silly audit report {}
36 http fetch GET 200 https://registry.npmjs.org/brace-expansion/-/brace-expansion-5.0.6.tgz 429ms (cache miss)
37 silly CHANGE node_modules/brace-expansion
38 verbose cwd D:\backend
39 verbose os Windows_NT 10.0.22000
40 verbose node v24.11.1
41 verbose npm  v11.6.2
42 verbose exit 0
43 info ok
